---
source: mail/mail-common/tests/acceptance/draft_save.rs
expression: draft_body.body
---
<html><head></head><body><br><br>Sent from rust rest<div class="protonmail_quote"><br><br>-------- Original Message --------<br>On Thursday, 05/16/24 at 12:45 me@proton.me wrote:<br><blockquote class="protonmail_quote"><div style="font-family: Arial, sans-serif; font-size: 14px; color: rgb(0, 0, 0); background-color: rgb(255, 255, 255);">This is a test body.</div></blockquote></div></body></html>
