---
source: mail/mail-html-transformer/src/tests/proton_schemes.rs
expression: transformer.to_string()
---
<html><head>
            <style>.bg {
  background: url("proton-https://example.com/style-bg.png");
}

.another {
  background-image: url("proton-http://test.com/another.jpg");
}
</style>
        </head>
        <body>
            <img src="proton-https://example.com/image.png">
            <video poster="proton-http://example.com/poster.jpg">
                <source src="proton-https://example.com/video.mp4">
            </video>
            <div data-src="proton-https://lazy.com/lazy-image.png" style="background: url(&quot;proton-https://inline.com/bg.png&quot;)">
                Content
            </div>
        
    
    </body></html>
