---
source: mail/mail-html-transformer/src/tests/dark_mode.rs
expression: html_after_revert
---
<html><head>
    <style>span{background-color: rgb(151, 202, 133);}</style>
  </head>
  <body>
    <div class="a" style="background-color: hsl(0, 0%, 100%);"></div>
    <div style="font-family:&quot;Google Sans&quot;,Arial,sans-serif;font-weight:400 color: red"></div>
    <div class="a" style="color: black;">a</div>
    <div class="b" style="color: black !important">b</div>
    <span>abc</span>

    <!-- Repeat tags multiple times with the same style  -->
     
    <div class="b" style="color: black !important">b</div>
    <div class="b" style="color: black !important">b</div>
    <div class="b" style="color: black !important">b</div>
    
  

</body></html>
