---
source: mail/mail-html-transformer/src/tests/sanitizer.rs
expression: html
snapshot_kind: text
---
<!DOCTYPE html><html xmlns="http://www.w3.org/1999/xhtml"><head>
    <!--[if gte mso 9]>
    <xml>
        <o:OfficeDocumentSettings>
            <o:AllowPNG/>
            <o:PixelsPerInch>96</o:PixelsPerInch>
        </o:OfficeDocumentSettings>
    </xml><![endif]-->
    <title>DHL</title>
    
    
    
    
    <!-- Header_Banner_Section -->
    <!-- //Header_Banner_Section -->
    <!-- Bg_Color_Section -->
    <!-- //Bg_Color_Section -->
    <!-- Cta_Section -->
    <!-- //Cta_Section -->
    <!-- Height_Section -->
    <!-- //Height_Section -->
    <style type="text/css">body {
  margin: 0 auto;
  padding: 0;
  -webkit-text-size-adjust: 100% !important;
  -ms-text-size-adjust: 100% !important;
  -webkit-font-smoothing: antialiased !important;
}

img {
  border: 0 !important;
  outline: none !important;
}

p {
  margin: 0 !important;
  padding: 0 !important;
}
</style>
    <!--[if gte mso 9]>
    <style type="text/css">
        .none {
            display: none !important;
        }

        .block {
            display: block !important;
            text-align: center !important;
        }

        .em_outlooksol {
            mso-hide: all !important;
            overflow: hidden !important;
            max-height: 0 !important;
            width: 0 !important;
            display: none !important;
            line-height: 0 !important;
            max-width: 0 !important;
        }
    </style>
    <![endif]-->
</head>
<body class="em_body" style="margin: 0 auto; padding: 0" bgcolor="#ffffff">
<style type="text/css">div#emailPreHeader {
  display: none !important;
}
</style>
<div id="emailPreHeader" style="mso-hide: all; visibility: hidden; opacity: 0; color: #0000; mso-line-height-rule: exactly; line-height: 0; font-size: 0; overflow: hidden; border-width: 0; display: none !important">
    Think global with DHL
</div>
<!-- == Body Section == -->

</body></html>
