---
source: proton-mail-html-transformer/src/tests/transforms.rs
expression: html
---
<html><head><html><head><style>
  body {
    background-color: Canvas;
    color: CanvasText;
    color-scheme: light dark;
  }
</style>
</head><body></body></html></head><body><div>
          ain't no `head` here boss
        </div>
        </body></html>
