---
source: mail/mail-html-transformer/src/tests/proton_schemes.rs
expression: transformer.to_string()
---
<html><head></head><body>
            <img src="proton-https://example.com/image.png">
            <img src="proton-https://example.com/relative.jpg">
            <div style="background-image: url(&quot;proton-https://cdn.example.com/bg.png&quot;)">Content</div>
        
    
    </body></html>
