---
source: mail/mail-html-transformer/src/tests/sanitizer.rs
expression: html
snapshot_kind: text
---
<html><head>
   </head>
   <body>
      <div>
         <a>foo</a>
         <base target="_blank">bar
      </div>

      

      <style>body {
  color: red;
}
</style>

      
         <div>baz</div>
      
   

</body></html>
