---
source: mail/mail-html-transformer/src/tests/remote_content.rs
expression: html.to_string()
snapshot_kind: text
---
<html><head></head><body><section>
    <svg id="svigi" width="5cm" height="4cm" version="1.1" xmlns="http://www.w3.org/2000/svg" xmlns:xlink="http://www.w3.org/1999/xlink">
        <image x="0" y="0" height="50px" width="50px" xlink:href="https://mail.proton.me/api/core/v4/images?UID=MYTOKEN123&amp;Url=firefox.jpg"></image>
        <image x="0" y="0" height="50px" width="50px" xlink:href="https://mail.proton.me/api/core/v4/images?UID=MYTOKEN123&amp;Url=chrome.jpg"></image>
        <image x="0" y="0" height="50px" width="50px" href="https://mail.proton.me/api/core/v4/images?UID=MYTOKEN123&amp;Url=svg-href.jpg"></image>
    </svg>
    <div>
        <img border="0" usemap="#fp" src="https://mail.proton.me/api/core/v4/images?UID=MYTOKEN123&amp;Url=cats.jpg+">
        <map name="fp">
            <area coords="0,0,800,800" href="proton_exploit.html" shape="rect" target="_blank">
        </map>
    </div>

    <img width="" height="" alt="" src="https://mail.proton.me/api/core/v4/images?UID=MYTOKEN123&amp;Url=mon-image.jpg" srcset="https://mail.proton.me/api/core/v4/images?UID=MYTOKEN123&amp;Url=mon-imageHD.jpg 2x">
    <img width="" height="" alt="" src="https://mail.proton.me/api/core/v4/images?UID=MYTOKEN123&amp;Url=lol-image.jpg" srcset="https://mail.proton.me/api/core/v4/images?UID=MYTOKEN123&amp;Url=lol-imageHD.jpg 2x">
    <img width="" height="" alt="" data-src="https://mail.proton.me/api/core/v4/images?UID=MYTOKEN123&amp;Url=lol-image.jpg">
    <a href="lol-image.jpg">Alll</a>
    <a href="jeanne-image.jpg">Alll</a>
    <div background="https://mail.proton.me/api/core/v4/images?UID=MYTOKEN123&amp;Url=jeanne-image.jpg">Alll</div>
    <div background="https://mail.proton.me/api/core/v4/images?UID=MYTOKEN123&amp;Url=jeanne-image2.jpg">Alll</div>
    <p style="font-size:10.0pt;font-family:\\2018Calibri\\2019;color:black">
        Example style that caused regexps to crash
    </p>
    <img id="babase64" src="data:image/jpg;base64,iVBORw0KGgoAAAANSUhEUgAABoIAAAVSCAYAAAAisOk2AAAMS2lDQ1BJQ0MgUHJv
    ZmlsZQAASImVVwdYU8kWnltSSWiBUKSE3kQp0qWE0CIISBVshCSQUGJMCCJ2FlkF
    1y4ioK7oqoiLrgWQtaKudVHs/aGIysq6WLCh8iYF1tXvvfe9831z758z5/ynZO69
    MwDo1PKk0jxUF4B8SYEsITKUNTEtnUXqAgSgD1AwGozk8eVSdnx8DIAydP+nvLkO">
</section>
</body></html>
