---
source: mail/mail-html-transformer/src/tests/dark_mode.rs
expression: html.to_string()
---
<html data-protonmail-message="true"><head>
    
<style type="text/css">/* <light_and_dark_css> */</style><style type="text/css">
                  @media ( prefers-color-scheme: dark ) {
                      
[data-protonmail-message] table[class="container float-center"][style*="background: #fff"] {
 background: #191927 !important
 }

                  }
                </style></head>
<body>

<table align="center" class="container float-center" role="presentation" style="margin: 0 auto; background: #fff; border-collapse: collapse; border-spacing: 0; float: none; margin: 0 auto; margin-left: auto; margin-right: auto; padding: 0; text-align: center; vertical-align: top; width: 700px" data-proton-original-style="Margin:0 auto;background:#fff;border-collapse:collapse;border-spacing:0;float:none;margin:0 auto;margin-left:auto;margin-right:auto;padding:0;text-align:center;vertical-align:top;width:700px">
    <tbody><tr><td>Hi</td>
</tr></tbody></table>


</body></html>
