---
source: shared/ical/tests/acceptance.rs
---
```
VCalendar {
    method: Some(
        Request,
    ),
    prodid: ProdId {
        value: Text(
            "-//Google Inc//Google Calendar 70.9054//EN",
        ),
    },
    version: Two,
    calscale: Gregorian,
    events: [
        VEvent {
            uid: Some(
                Uid {
                    value: Text(
                        "85899258320830508",
                    ),
                },
            ),
            dtstamp: Some(
                DtStamp {
                    value: DateTime {
                        date: Date {
                            year: Year(
                                2021,
                            ),
                            month: Month(
                                5,
                            ),
                            day: Day(
                                13,
                            ),
                        },
                        time: Time {
                            hour: Hour(
                                18,
                            ),
                            minute: Minute(
                                13,
                            ),
                            second: Second(
                                14,
                            ),
                        },
                        form: Utc,
                    },
                },
            ),
            dtstart: Some(
                DtStart {
                    value: DateTime(
                        DateTime {
                            date: Date {
                                year: Year(
                                    2021,
                                ),
                                month: Month(
                                    12,
                                ),
                                day: Day(
                                    9,
                                ),
                            },
                            time: Time {
                                hour: Hour(
                                    18,
                                ),
                                minute: Minute(
                                    0,
                                ),
                                second: Second(
                                    0,
                                ),
                            },
                            form: Tz(
                                TzId {
                                    value: "Europe/Vilnius",
                                },
                            ),
                        },
                    ),
                },
            ),
            dtend: Some(
                DtEnd {
                    value: DateTime(
                        DateTime {
                            date: Date {
                                year: Year(
                                    2021,
                                ),
                                month: Month(
                                    12,
                                ),
                                day: Day(
                                    9,
                                ),
                            },
                            time: Time {
                                hour: Hour(
                                    18,
                                ),
                                minute: Minute(
                                    30,
                                ),
                                second: Second(
                                    0,
                                ),
                            },
                            form: Tz(
                                TzId {
                                    value: "Europe/Vilnius",
                                },
                            ),
                        },
                    ),
                },
            ),
            created: None,
            class: Public,
            transp: Opaque,
            status: Some(
                Confirmed,
            ),
            priority: None,
            summary: Some(
                Summary {
                    value: Text(
                        "Broken organizer email",
                    ),
                },
            ),
            location: None,
            description: None,
            organizer: Some(
                Organizer {
                    address: Url(
                        UrlAddress {
                            value: Text(
                                "Not_email",
                            ),
                        },
                    ),
                    cn: Some(
                        Cn {
                            value: ParamValue {
                                value: "Also_not_email",
                                quote: false,
                            },
                        },
                    ),
                    email: None,
                    sent_by: None,
                },
            ),
            attendees: [
                Attendee {
                    address: Email(
                        EmailAddress {
                            value: Text(
                                "calendar-user-pentest1@protonmail.com",
                            ),
                        },
                    ),
                    cn: Some(
                        Cn {
                            value: ParamValue {
                                value: "calendar-user-pentest1@protonmail.com",
                                quote: false,
                            },
                        },
                    ),
                    cutype: Some(
                        Individual,
                    ),
                    email: None,
                    role: Some(
                        ReqParticipant,
                    ),
                    partstat: Some(
                        NeedsAction,
                    ),
                    rsvp: Some(
                        Rsvp(
                            true,
                        ),
                    ),
                    x_pm_token: None,
                },
            ],
            rrule: None,
            exdate: None,
            duration: None,
            sequence: None,
            recurrence_id: None,
            alarms: [],
        },
    ],
    timezones: [
        VTimeZone {
            tzid: TzId {
                value: "Europe/Vilnius",
            },
            daylights: [
                TzProps {
                    dtstart: DtStart {
                        value: DateTime(
                            DateTime {
                                date: Date {
                                    year: Year(
                                        1970,
                                    ),
                                    month: Month(
                                        3,
                                    ),
                                    day: Day(
                                        29,
                                    ),
                                },
                                time: Time {
                                    hour: Hour(
                                        3,
                                    ),
                                    minute: Minute(
                                        0,
                                    ),
                                    second: Second(
                                        0,
                                    ),
                                },
                                form: Local,
                            },
                        ),
                    },
                    tz_offset_from: TzOffsetFrom {
                        value: UtcOffset {
                            offset: 7200,
                        },
                    },
                    tz_offset_to: TzOffsetTo {
                        value: UtcOffset {
                            offset: 10800,
                        },
                    },
                    rrule: Some(
                        RRule {
                            value: Recur {
                                freq: Yearly,
                                until: None,
                                count: None,
                                interval: None,
                                by_second: [],
                                by_minute: [],
                                by_hour: [],
                                by_day: [
                                    Fixed(
                                        -1,
                                        Sunday,
                                    ),
                                ],
                                by_month_day: [],
                                by_year_day: [],
                                by_week_no: [],
                                by_month: [
                                    Month(
                                        3,
                                    ),
                                ],
                                by_set_pos: [],
                                wkst: None,
                            },
                        },
                    ),
                    tz_name: Some(
                        TzName {
                            value: Text(
                                "EEST",
                            ),
                        },
                    ),
                },
            ],
            standards: [
                TzProps {
                    dtstart: DtStart {
                        value: DateTime(
                            DateTime {
                                date: Date {
                                    year: Year(
                                        1970,
                                    ),
                                    month: Month(
                                        10,
                                    ),
                                    day: Day(
                                        25,
                                    ),
                                },
                                time: Time {
                                    hour: Hour(
                                        4,
                                    ),
                                    minute: Minute(
                                        0,
                                    ),
                                    second: Second(
                                        0,
                                    ),
                                },
                                form: Local,
                            },
                        ),
                    },
                    tz_offset_from: TzOffsetFrom {
                        value: UtcOffset {
                            offset: 10800,
                        },
                    },
                    tz_offset_to: TzOffsetTo {
                        value: UtcOffset {
                            offset: 7200,
                        },
                    },
                    rrule: Some(
                        RRule {
                            value: Recur {
                                freq: Yearly,
                                until: None,
                                count: None,
                                interval: None,
                                by_second: [],
                                by_minute: [],
                                by_hour: [],
                                by_day: [
                                    Fixed(
                                        -1,
                                        Sunday,
                                    ),
                                ],
                                by_month_day: [],
                                by_year_day: [],
                                by_week_no: [],
                                by_month: [
                                    Month(
                                        10,
                                    ),
                                ],
                                by_set_pos: [],
                                wkst: None,
                            },
                        },
                    ),
                    tz_name: Some(
                        TzName {
                            value: Text(
                                "EET",
                            ),
                        },
                    ),
                },
            ],
        },
    ],
}
```

# messages

error: unknown property `LAST-MODIFIED`
 --> at 8:1..13
  | when parsing `VTimeZone` at 7:1
  | when parsing `VCalendar` at 2:1

warn: unknown property `X-LIC-LOCATION`
 --> at 9:1..14
  | when parsing `VTimeZone` at 7:1
  | when parsing `VCalendar` at 2:1

warn: unknown parameter `X-NUM-GUESTS`
 --> at 32:48..59
  | when parsing `Attendee` at 31:9
  | when parsing `VEvent` at 26:1
  | when parsing `VCalendar` at 2:1
