---
source: shared/ical/tests/acceptance.rs
---
```
VCalendar {
    method: None,
    prodid: ProdId {
        value: Text(
            "-//Proton AG//iCal//EN",
        ),
    },
    version: Two,
    calscale: Gregorian,
    events: [],
    timezones: [],
}
```

# messages

warn: quirky newline
 --> at 6:1
  | when parsing `VCalendar` at 2:1
