---
source: core/ical/tests/acceptance.rs
---
```
VCalendar {
    method: Some(
        Publish,
    ),
    prodid: ProdId {
        value: Text(
            "Microsoft Exchange Server 2010",
        ),
    },
    version: Two,
    calscale: Gregorian,
    events: [
        VEvent {
            uid: Some(
                Uid {
                    value: Text(
                        "wnnvwhowjsngwjgljljwljl",
                    ),
                },
            ),
            dtstamp: Some(
                DtStamp {
                    value: DateTime {
                        date: Date {
                            year: Year(
                                2021,
                            ),
                            month: Month(
                                11,
                            ),
                            day: Day(
                                22,
                            ),
                        },
                        time: Time {
                            hour: Hour(
                                16,
                            ),
                            minute: Minute(
                                35,
                            ),
                            second: Second(
                                49,
                            ),
                        },
                        form: Utc,
                    },
                },
            ),
            dtstart: Some(
                DtStart {
                    value: Date(
                        Date {
                            year: Year(
                                2020,
                            ),
                            month: Month(
                                12,
                            ),
                            day: Day(
                                4,
                            ),
                        },
                    ),
                },
            ),
            dtend: Some(
                DtEnd {
                    value: Date(
                        Date {
                            year: Year(
                                2020,
                            ),
                            month: Month(
                                12,
                            ),
                            day: Day(
                                5,
                            ),
                        },
                    ),
                },
            ),
            created: None,
            class: Public,
            transp: Opaque,
            status: Some(
                Confirmed,
            ),
            priority: Some(
                Priority {
                    value: 5,
                },
            ),
            summary: Some(
                Summary {
                    value: Text(
                        "Event 1",
                    ),
                },
            ),
            location: None,
            description: Some(
                Description {
                    value: Text(
                        "Event 1",
                    ),
                },
            ),
            organizer: None,
            attendees: [],
            rrule: Some(
                RRule {
                    value: Recur {
                        freq: Weekly,
                        until: Some(
                            DateTime(
                                DateTime {
                                    date: Date {
                                        year: Year(
                                            2022,
                                        ),
                                        month: Month(
                                            11,
                                        ),
                                        day: Day(
                                            18,
                                        ),
                                    },
                                    time: Time {
                                        hour: Hour(
                                            19,
                                        ),
                                        minute: Minute(
                                            30,
                                        ),
                                        second: Second(
                                            0,
                                        ),
                                    },
                                    form: Utc,
                                },
                            ),
                        ),
                        count: None,
                        interval: Some(
                            1,
                        ),
                        by_second: [],
                        by_minute: [],
                        by_hour: [],
                        by_day: [
                            Every(
                                Friday,
                            ),
                        ],
                        by_month_day: [],
                        by_year_day: [],
                        by_week_no: [],
                        by_month: [],
                        by_set_pos: [],
                        wkst: Some(
                            Monday,
                        ),
                    },
                },
            ),
            exdate: Some(
                DateTimes(
                    Tz(
                        TzId {
                            value: "Eastern Standard Time",
                        },
                    ),
                    [
                        (
                            Date {
                                year: Year(
                                    2020,
                                ),
                                month: Month(
                                    12,
                                ),
                                day: Day(
                                    25,
                                ),
                            },
                            Time {
                                hour: Hour(
                                    14,
                                ),
                                minute: Minute(
                                    30,
                                ),
                                second: Second(
                                    0,
                                ),
                            },
                        ),
                        (
                            Date {
                                year: Year(
                                    2021,
                                ),
                                month: Month(
                                    3,
                                ),
                                day: Day(
                                    5,
                                ),
                            },
                            Time {
                                hour: Hour(
                                    14,
                                ),
                                minute: Minute(
                                    30,
                                ),
                                second: Second(
                                    0,
                                ),
                            },
                        ),
                        (
                            Date {
                                year: Year(
                                    2021,
                                ),
                                month: Month(
                                    5,
                                ),
                                day: Day(
                                    7,
                                ),
                            },
                            Time {
                                hour: Hour(
                                    14,
                                ),
                                minute: Minute(
                                    30,
                                ),
                                second: Second(
                                    0,
                                ),
                            },
                        ),
                        (
                            Date {
                                year: Year(
                                    2021,
                                ),
                                month: Month(
                                    7,
                                ),
                                day: Day(
                                    2,
                                ),
                            },
                            Time {
                                hour: Hour(
                                    14,
                                ),
                                minute: Minute(
                                    30,
                                ),
                                second: Second(
                                    0,
                                ),
                            },
                        ),
                        (
                            Date {
                                year: Year(
                                    2021,
                                ),
                                month: Month(
                                    10,
                                ),
                                day: Day(
                                    8,
                                ),
                            },
                            Time {
                                hour: Hour(
                                    14,
                                ),
                                minute: Minute(
                                    30,
                                ),
                                second: Second(
                                    0,
                                ),
                            },
                        ),
                        (
                            Date {
                                year: Year(
                                    2021,
                                ),
                                month: Month(
                                    12,
                                ),
                                day: Day(
                                    24,
                                ),
                            },
                            Time {
                                hour: Hour(
                                    14,
                                ),
                                minute: Minute(
                                    30,
                                ),
                                second: Second(
                                    0,
                                ),
                            },
                        ),
                        (
                            Date {
                                year: Year(
                                    2021,
                                ),
                                month: Month(
                                    12,
                                ),
                                day: Day(
                                    31,
                                ),
                            },
                            Time {
                                hour: Hour(
                                    14,
                                ),
                                minute: Minute(
                                    30,
                                ),
                                second: Second(
                                    0,
                                ),
                            },
                        ),
                    ],
                ),
            ),
            duration: None,
            sequence: Some(
                Sequence {
                    value: 2,
                },
            ),
            recurrence_id: None,
            alarms: [],
        },
    ],
    timezones: [],
}
```

# messages

warn: unknown property `X-WR-CALNAME`
 --> at 5:1..12
  | when parsing `VCalendar` at 2:1

error: expected 'T', got ','
 --> at 9:59
  | when parsing `DateTime<UtcOrLocalForm>` at 9:51
  | when parsing `Vec<DateTime<UtcOrLocalForm>>` at 9:35
  | when parsing `ExDate` at 9:7
  | when parsing `VEvent` at 7:1
  | when parsing `VCalendar` at 2:1

error: expected 'T', got ','
 --> at 10:33
  | when parsing `DateTime<UtcOrLocalForm>` at 10:25
  | when parsing `Vec<DateTime<UtcOrLocalForm>>` at 9:35
  | when parsing `ExDate` at 9:7
  | when parsing `VEvent` at 7:1
  | when parsing `VCalendar` at 2:1

error: expected 'T', got ','
 --> at 10:58
  | when parsing `DateTime<UtcOrLocalForm>` at 10:50
  | when parsing `Vec<DateTime<UtcOrLocalForm>>` at 9:35
  | when parsing `ExDate` at 9:7
  | when parsing `VEvent` at 7:1
  | when parsing `VCalendar` at 2:1

error: expected 'T', got ','
 --> at 11:23
  | when parsing `DateTime<UtcOrLocalForm>` at 11:15
  | when parsing `Vec<DateTime<UtcOrLocalForm>>` at 9:35
  | when parsing `ExDate` at 9:7
  | when parsing `VEvent` at 7:1
  | when parsing `VCalendar` at 2:1
