---
source: proton-mail-html-transformer/src/tests/transforms.rs
expression: html
---
<html><head></head><body><div>
          <a href="proton.me" ref="noreferrer">
          </a><a href="proton.me" rel="foobar" ref="noreferrer">
        </a></div><a href="proton.me" rel="foobar" ref="noreferrer">
        </a></body></html>
