---
source: mail/mail-html-transformer/src/html2text.rs
expression: output
snapshot_kind: text
---
  [Alll][1] [Alll][2]
Alll
Alll

Example style that caused regexps to crash

  [Alll][3] [Alll][4]
Alll
Alll

Example style that caused regexps to crash

css_background_style_embedded
css_background_style_remote

[1]: lol-image.jpg
[2]: jeanne-image.jpg
[3]: cid:1234
[4]: cid:1234
