---
source: shared/ical/tests/acceptance.rs
---
```
VCalendar {
    method: Some(
        Publish,
    ),
    prodid: ProdId {
        value: Text(
            "-//Google Inc//Google Calendar 70.9054//EN",
        ),
    },
    version: Two,
    calscale: Gregorian,
    events: [
        VEvent {
            uid: Some(
                Uid {
                    value: Text(
                        "144B00A6-8BAD-4224-AB45-B4AC33891EFA",
                    ),
                },
            ),
            dtstamp: Some(
                DtStamp {
                    value: DateTime {
                        date: Date {
                            year: Year(
                                2021,
                            ),
                            month: Month(
                                9,
                            ),
                            day: Day(
                                3,
                            ),
                        },
                        time: Time {
                            hour: Hour(
                                14,
                            ),
                            minute: Minute(
                                47,
                            ),
                            second: Second(
                                2,
                            ),
                        },
                        form: Utc,
                    },
                },
            ),
            dtstart: Some(
                DtStart {
                    value: DateTime(
                        DateTime {
                            date: Date {
                                year: Year(
                                    2021,
                                ),
                                month: Month(
                                    6,
                                ),
                                day: Day(
                                    22,
                                ),
                            },
                            time: Time {
                                hour: Hour(
                                    14,
                                ),
                                minute: Minute(
                                    45,
                                ),
                                second: Second(
                                    0,
                                ),
                            },
                            form: Utc,
                        },
                    ),
                },
            ),
            dtend: Some(
                DtEnd {
                    value: DateTime(
                        DateTime {
                            date: Date {
                                year: Year(
                                    2021,
                                ),
                                month: Month(
                                    6,
                                ),
                                day: Day(
                                    22,
                                ),
                            },
                            time: Time {
                                hour: Hour(
                                    15,
                                ),
                                minute: Minute(
                                    15,
                                ),
                                second: Second(
                                    0,
                                ),
                            },
                            form: Utc,
                        },
                    ),
                },
            ),
            created: None,
            class: Public,
            transp: Opaque,
            status: None,
            priority: None,
            summary: Some(
                Summary {
                    value: Text(
                        "Busy",
                    ),
                },
            ),
            location: None,
            description: None,
            organizer: Some(
                Organizer {
                    address: Email(
                        EmailAddress {
                            value: Text(
                                "aaaa@group.calendar.google.com",
                            ),
                        },
                    ),
                    cn: None,
                    email: None,
                    sent_by: None,
                },
            ),
            attendees: [
                Attendee {
                    address: Email(
                        EmailAddress {
                            value: Text(
                                "martin@gmail.com",
                            ),
                        },
                    ),
                    cn: None,
                    cutype: None,
                    email: None,
                    role: None,
                    partstat: None,
                    rsvp: None,
                    x_pm_token: None,
                },
            ],
            rrule: None,
            exdate: None,
            duration: None,
            sequence: Some(
                Sequence {
                    value: 1,
                },
            ),
            recurrence_id: None,
            alarms: [],
        },
    ],
    timezones: [],
}
```

# messages

warn: unknown property `X-WR-CALNAME`
 --> at 6:1..12
  | when parsing `VCalendar` at 2:1

warn: unknown property `X-WR-TIMEZONE`
 --> at 7:1..13
  | when parsing `VCalendar` at 2:1

warn: unknown parameter `X-NUM-GUESTS`
 --> at 14:10..21
  | when parsing `Attendee` at 14:9
  | when parsing `VEvent` at 9:1
  | when parsing `VCalendar` at 2:1
