---
source: core/core-api/tests/core_events.rs
expression: mail_event
snapshot_kind: text
---
CoreEvent {
    event_id: EventId(
        "ACXDmTaBub14w==",
    ),
    addresses: Some(
        [
            AddressEvent {
                id: AddressId(
                    "qmhrlFY24BhSHiFplF0B7G_cMVLi1sokaWIhfNaee6dRtdIZPYnqgI4-MpAb8h3JhOOykKv8ZsuTH8X_SrUZSg==",
                ),
                action: Create,
                address: Some(
                    Address {
                        id: AddressId(
                            "qmhrlFY24BhSHiFplF0B7G_cMVLi1sokaWIhfNaee6dRtdIZPYnqgI4-MpAb8h3JhOOykKv8ZsuTH8X_SrUZSg==",
                        ),
                        address_type: Original,
                        catch_all: false,
                        display_name: "D L'u, P.D. 定超",
                        domain_id: Some(
                            "l8vWAXHBQmv0u7OVtPbcqMa4iwQaBqowINSQjPrxAr-Da8fVPKUkUcqAq30_BCxj1X0nW70HQRmAa-rIvzmKUA==",
                        ),
                        email: "jason@protonmail.dev",
                        keys: AddressKeys(
                            [
                                LockedKey {
                                    id: KeyId(
                                        "G1MbEt3...Ol_6h==",
                                    ),
                                    version: 3,
                                    private_key: ArmoredPrivateKey(
                                        "-----BEGIN PGP PRIVATE KEY BLOCK-----",
                                    ),
                                    token: Some(
                                        EncryptedKeyToken(
                                            "null or -----BEGIN PGP MESSAGE-----.*",
                                        ),
                                    ),
                                    signature: Some(
                                        KeyTokenSignature(
                                            "null or -----BEGIN PGP SIGNATURE-----",
                                        ),
                                    ),
                                    activation: Some(
                                        "-----BEGIN PGP MESSAGE-----.*",
                                    ),
                                    primary: true,
                                    active: true,
                                    flags: Some(
                                        KeyFlag(
                                            3,
                                        ),
                                    ),
                                    recovery_secret: None,
                                    recovery_secret_signature: None,
                                    address_forwarding_id: Some(
                                        "fWIio823...j45sL==",
                                    ),
                                },
                            ],
                        ),
                        order: 1,
                        proton_mx: true,
                        receive: true,
                        send: true,
                        signature: "hi there",
                        signed_key_list: AddressSignedKeyList {
                            data: Some(
                                "[{\"\"Fingerprint\"\": \"\"c93f767df53b0ca8395cfde90483475164ec6353\"\",\"\"Primary\"\": 0,\"\"Flags\"\": 1},{\"\"Fingerprint\"\": \"\"fde90483475164ec6353c93f767df53b0ca8395c\"\",\"\"Primary\"\": 1,\"\"Flags\"\": 3}]",
                            ),
                            expected_min_epoch_id: Some(
                                265,
                            ),
                            max_epoch_id: Some(
                                241,
                            ),
                            min_epoch_id: Some(
                                125,
                            ),
                            obsolescence_token: Some(
                                "000000006243460497f838b649439b5f29c4e73014b9da096d0fe3ed",
                            ),
                            revision: 42,
                            signature: Some(
                                "-----BEGIN PGP SIGNATURE-----.*-----END PGP SIGNATURE-----",
                            ),
                        },
                        status: Enabled,
                        flags: AddressFlags(
                            48,
                        ),
                    },
                ),
            },
        ],
    ),
    labels: Some(
        [
            LabelEvent {
                id: LabelId(
                    "sadfaACXDmTaBub14w==",
                ),
                action: Create,
                label: Some(
                    Label {
                        id: LabelId(
                            "sadfaACXDmTaBub14w==",
                        ),
                        parent_id: Some(
                            LabelId(
                                "sadfaACXDmTaBub14w==",
                            ),
                        ),
                        color: "#f66",
                        display: true,
                        expanded: true,
                        label_type: Label,
                        name: "Event Label!",
                        notify: true,
                        order: 8,
                        path: Some(
                            "Folder/Event Label!",
                        ),
                        sticky: true,
                    },
                ),
            },
        ],
    ),
    product_used_space: Some(
        ProductUsedSpace {
            calendar: 0,
            contact: 0,
            drive: 0,
            mail: 0,
            pass: 0,
        },
    ),
    used_space: Some(
        70376905,
    ),
    user: Some(
        User {
            id: UserId(
                "MJLke8kWh1BBvG95JBIrZvzpgsZ94hNNgjNHVyhXMiv4g9cn6SgvqiIFR5cigpml2LD_iUk_3DkV29oojTt3eA==",
            ),
            create_time: 1654615966,
            credit: 0,
            currency: "USD",
            delinquent: Paid,
            display_name: Some(
                "jason",
            ),
            email: "jason@proton.me",
            flags: Flags {
                has_temporary_password: true,
                has_a_byoe_address: true,
                no_login: true,
                no_proton_address: true,
                onboard_checklist_storage_granted: true,
                protected: true,
                recovery_attempt: true,
                sso: true,
                test_account: true,
            },
            keys: UserKeys(
                [
                    LockedKey {
                        id: KeyId(
                            "IlnTbqicN-2HfUGIn-ki8bqZfLqNj5ErUB0z24Qx5g-4NvrrIc6GLvEpj2EPfwGDv28aKYVRRrSgEFhR_zhlkA==",
                        ),
                        version: 3,
                        private_key: ArmoredPrivateKey(
                            "-----BEGIN PGP PRIVATE KEY BLOCK-----*-----END PGP PRIVATE KEY BLOCK-----",
                        ),
                        token: None,
                        signature: None,
                        activation: None,
                        primary: true,
                        active: true,
                        flags: None,
                        recovery_secret: Some(
                            "1H8EGg3J1...Qwk243hf",
                        ),
                        recovery_secret_signature: Some(
                            "-----BEGIN PGP SIGNATURE-----...",
                        ),
                        address_forwarding_id: None,
                    },
                ],
            ),
            max_space: 10737418240,
            max_upload: 26214400,
            mnemonic_status: EnabledButNotSet,
            name: Some(
                "jason",
            ),
            private: true,
            product_used_space: ProductUsedSpace {
                calendar: 0,
                contact: 0,
                drive: 0,
                mail: 0,
                pass: 0,
            },
            role: Admin,
            services: 5,
            subscribed: 5,
            to_migrate: true,
            used_space: 70376905,
            user_type: Proton,
        },
    ),
    user_settings: Some(
        UserSettings {
            crash_reports: true,
            date_format: DdMmYyyy,
            device_recovery: true,
            density: Comfortable,
            early_access: true,
            email: Email {
                notify: 1,
                reset: 0,
                status: 0,
                value: "abc@gmail.com",
            },
            flags: SettingsFlags {
                welcomed: false,
                edm_opt_out: false,
            },
            hide_side_panel: true,
            high_security: HighSecurity {
                eligible: true,
                value: true,
            },
            invoice_text: "रिवार म\u{947}\u{902} ह\u{941}आ। ज檷\\n Cartoon Law Services\\n 1 DisneyWorld Lane\\n Orlando, FL, 12345\\n VAT",
            locale: "en_US",
            log_auth: Advanced,
            news: 244,
            password: Password {
                mode: Two,
                expiration_time: None,
            },
            phone: Phone {
                notify: 0,
                reset: 0,
                status: 0,
                value: "+18005555555",
            },
            referral: Some(
                Referral {
                    eligible: true,
                    link: "https://pr.tn/ref/ERBYvlX8SC4KOyb",
                },
            ),
            session_account_recovery: true,
            telemetry: true,
            time_format: H24,
            two_factor_auth: TwoFa {
                allowed: TotpOrFido2,
                enabled: TotpOrFido2,
                expiration_time: None,
                registered_keys: [
                    FidoKey {
                        attestation_format: "fido2-u2f",
                        credential_id: [],
                        name: "My security key",
                    },
                ],
            },
            week_start: Monday,
            welcome: true,
        },
    ),
    contacts: Some(
        [
            ContactEvent {
                id: ContactId(
                    "afeaefaeTaBub14w==",
                ),
                action: Create,
                contact: Some(
                    ContactFull {
                        id: ContactId(
                            "a29olIjFv0rnXxBhSMw==",
                        ),
                        cards: [
                            ContactCard {
                                card_type: Signed,
                                data: "    BEGIN:VCARD\n    VERSION:4.0\n    FN:ProtonMail Features\n    UID:proton-legacy-139892c2-f691-4118-8c29-061196013e04\n    item1.EMAIL;TYPE=work;PREF=1:features@protonmail.black\n    item2.EMAIL;TYPE=home;PREF=2:features@protonmail.ch\n    END:VCARD",
                                signature: Some(
                                    "-----BEGIN PGP SIGNATURE-----.*-----END PGP SIGNATURE-----",
                                ),
                            },
                        ],
                        contact_emails: [
                            ContactEmail {
                                id: ContactEmailId(
                                    "aefew4323jFv0BhSMw==",
                                ),
                                contact_id: ContactId(
                                    "a29olIjFv0rnXxBhSMw==",
                                ),
                                canonical_email: fXXXXXXX@XXXXXXXXXXXXXXXX,
                                contact_type: [
                                    "work",
                                ],
                                defaults: Default,
                                email: fXXXXXXX@XXXXXXXXXXXXXXXX,
                                is_proton: true,
                                label_ids: [
                                    LabelId(
                                        "I6hgx3Ol-d3HYa3E394T_ACXDmTaBub14w==",
                                    ),
                                ],
                                last_used_time: 0,
                                name: "test1",
                                order: 1,
                            },
                        ],
                        create_time: 1503815366,
                        label_ids: [
                            LabelId(
                                "I6hgx3Ol-d3HYa3E394T_ACXDmTaBub14w==",
                            ),
                        ],
                        modify_time: 1503815366,
                        name: "ProtonMail Features",
                        size: 1434,
                        uid: ContactUID(
                            "proton-legacy-139892c2-f691-4118-8c29-061196013e04",
                        ),
                    },
                ),
            },
        ],
    ),
    refresh: 0,
    has_more: false,
}
