---
source: shared/ical/tests/acceptance.rs
---
```
VCalendar {
    method: None,
    prodid: ProdId {
        value: Text(
            "-//Proton AG//ProtonCalendar 1.0.0//EN",
        ),
    },
    version: Two,
    calscale: Gregorian,
    events: [
        VEvent {
            uid: Some(
                Uid {
                    value: Text(
                        "1234",
                    ),
                },
            ),
            dtstamp: Some(
                DtStamp {
                    value: DateTime {
                        date: Date {
                            year: Year(
                                2018,
                            ),
                            month: Month(
                                1,
                            ),
                            day: Day(
                                1,
                            ),
                        },
                        time: Time {
                            hour: Hour(
                                12,
                            ),
                            minute: Minute(
                                0,
                            ),
                            second: Second(
                                0,
                            ),
                        },
                        form: Local,
                    },
                },
            ),
            dtstart: None,
            dtend: None,
            created: None,
            class: Public,
            transp: Opaque,
            status: None,
            priority: None,
            summary: None,
            location: None,
            description: None,
            organizer: Some(
                Organizer {
                    address: Email(
                        EmailAddress {
                            value: Text(
                                "doctor@localhost",
                            ),
                        },
                    ),
                    cn: Some(
                        Cn {
                            value: ParamValue {
                                value: "The Eleventh, Doctor",
                                quote: true,
                            },
                        },
                    ),
                    email: None,
                    sent_by: Some(
                        SentBy {
                            value: EmailAddress {
                                value: Text(
                                    "tardis@localhost",
                                ),
                            },
                        },
                    ),
                },
            ),
            attendees: [],
            rrule: None,
            exdate: None,
            duration: None,
            sequence: None,
            recurrence_id: None,
            alarms: [],
        },
    ],
    timezones: [],
}
```

# messages

warn: quirky tab
 --> at 5:18
  | when parsing `ParamValue` at 5:14
  | when parsing `Cn` at 5:14
  | when parsing `Organizer` at 5:10
  | when parsing `VEvent` at 5:1
  | when parsing `VCalendar` at 2:1
