---
source: core/core-common/src/models/contact.rs
expression: given
---
VCard:
  addresses:
    2 -> Address { post_office_box: ListComponent([Component("")]), extended_address: ListComponent([Component("")]), street: ListComponent([Component("vb ")]), locality: ListComponent([Component("n")]), region: ListComponent([Component("m")]), postal_code: ListComponent([Component("n")]), country: ListComponent([Component("nj")]), value_type: None, label: None, language: None, geo_localisation: None, time_zone: None, alternative_id: None, pid: None, preference: Some(Preference { value: 1 }), type: {}, any: {}, group: None }
    3 -> Address { post_office_box: ListComponent([Component("")]), extended_address: ListComponent([Component("")]), street: ListComponent([Component("jk")]), locality: ListComponent([Component("j")]), region: ListComponent([Component("j")]), postal_code: ListComponent([Component("jm")]), country: ListComponent([Component("k")]), value_type: None, label: None, language: None, geo_localisation: None, time_zone: None, alternative_id: None, pid: None, preference: Some(Preference { value: 2 }), type: {}, any: {}, group: None }
  categories:
    1 -> Category { value: TextList([Text { value: "New test group #1 [Mateusz]" }, Text { value: "New test group #2 [Mateusz]" }]), value_type: None, pid: None, preference: None, type: {}, alternative_id: None, any: {}, group: Some("ITEM1") }
  emails:
    2 -> Email { value: Text { value: "fkjhkdfgjhdghjdgkjhdgkfjhdjkhkdjfhg@pm.me" }, value_type: None, pid: None, preference: Some(Preference { value: 1 }), type: {}, alternative_id: None, any: {}, group: Some("ITEM1") }
    3 -> Email { value: Text { value: "proton.domelike477@passmail.net" }, value_type: None, pid: None, preference: Some(Preference { value: 2 }), type: {}, alternative_id: None, any: {}, group: Some("ITEM2") }
    4 -> Email { value: Text { value: "proton.rectangle212@passmail.net" }, value_type: None, pid: None, preference: Some(Preference { value: 3 }), type: {}, alternative_id: None, any: {}, group: Some("ITEM3") }
    5 -> Email { value: Text { value: "proton.splotchy980@passmail.net" }, value_type: None, pid: None, preference: Some(Preference { value: 4 }), type: {}, alternative_id: None, any: {}, group: Some("ITEM4") }
  formatted_names:
    1 -> FormattedName { value: Text { value: "11111111123232323" }, value_type: None, type: {}, language: None, alternative_id: None, pid: None, preference: Some(Preference { value: 1 }), any: {}, group: None }
  name: Name { last: ListComponent([Component("")]), first: ListComponent([Component("11111111123232323")]), additional: ListComponent([Component("")]), prefix: ListComponent([Component("")]), suffix: ListComponent([Component("")]), value_type: None, sort_as: None, language: None, alternative_id: None, any: {}, group: None }
  notes:
    4 -> Note { value: Text { value: "fgchvbjnkm\nfcgvhbjnkml\n\\ghjknml\nvhbkm\nnbm\nnbm,\\.\nbnmkl,\n mn,\nnbm,\n\\" }, value_type: None, language: None, pid: None, preference: None, type: {}, alternative_id: None, any: {}, group: None }
  product_id: ProductId { value: "pm-ez-vcard 0.0.1", value_type: Some(Text), any: {}, group: None, type: {IanaToken(IanaToken("text"))} }
  telephones:
    1 -> Telephone { value: Text("2345678"), value_type: None, pid: None, preference: Some(Preference { value: 1 }), tel_type: {}, media_type: None, alternative_id: None, any: {}, group: None }
  uid: VcardUid { value: Text("protonmail-ios-autoimport-E233D520-6965-4442-8C54-8F627E77399C"), value_type: None, any: {}, group: None }
