---
source: shared/ical/tests/acceptance.rs
---
```
VCalendar {
    method: None,
    prodid: ProdId {
        value: Text(
            "-//Proton AG//ProtonCalendar 1.0.0//EN",
        ),
    },
    version: Two,
    calscale: Gregorian,
    events: [
        VEvent {
            uid: Some(
                Uid {
                    value: Text(
                        "e4466d34",
                    ),
                },
            ),
            dtstamp: Some(
                DtStamp {
                    value: DateTime {
                        date: Date {
                            year: Year(
                                2025,
                            ),
                            month: Month(
                                5,
                            ),
                            day: Day(
                                20,
                            ),
                        },
                        time: Time {
                            hour: Hour(
                                13,
                            ),
                            minute: Minute(
                                42,
                            ),
                            second: Second(
                                0,
                            ),
                        },
                        form: Utc,
                    },
                },
            ),
            dtstart: Some(
                DtStart {
                    value: DateTime(
                        DateTime {
                            date: Date {
                                year: Year(
                                    2025,
                                ),
                                month: Month(
                                    5,
                                ),
                                day: Day(
                                    29,
                                ),
                            },
                            time: Time {
                                hour: Hour(
                                    14,
                                ),
                                minute: Minute(
                                    30,
                                ),
                                second: Second(
                                    0,
                                ),
                            },
                            form: Utc,
                        },
                    ),
                },
            ),
            dtend: Some(
                DtEnd {
                    value: DateTime(
                        DateTime {
                            date: Date {
                                year: Year(
                                    2025,
                                ),
                                month: Month(
                                    5,
                                ),
                                day: Day(
                                    29,
                                ),
                            },
                            time: Time {
                                hour: Hour(
                                    15,
                                ),
                                minute: Minute(
                                    15,
                                ),
                                second: Second(
                                    0,
                                ),
                            },
                            form: Utc,
                        },
                    ),
                },
            ),
            created: None,
            class: Public,
            transp: Opaque,
            status: None,
            priority: None,
            summary: None,
            location: None,
            description: None,
            organizer: Some(
                Organizer {
                    address: Email(
                        EmailAddress {
                            value: Text(
                                "john@smith.com",
                            ),
                        },
                    ),
                    cn: Some(
                        Cn {
                            value: ParamValue {
                                value: "John Smith, MD",
                                quote: true,
                            },
                        },
                    ),
                    email: None,
                    sent_by: None,
                },
            ),
            attendees: [],
            rrule: None,
            exdate: None,
            duration: None,
            sequence: Some(
                Sequence {
                    value: 0,
                },
            ),
            recurrence_id: None,
            alarms: [],
        },
        VEvent {
            uid: Some(
                Uid {
                    value: Text(
                        "e4466d35",
                    ),
                },
            ),
            dtstamp: Some(
                DtStamp {
                    value: DateTime {
                        date: Date {
                            year: Year(
                                2025,
                            ),
                            month: Month(
                                5,
                            ),
                            day: Day(
                                20,
                            ),
                        },
                        time: Time {
                            hour: Hour(
                                13,
                            ),
                            minute: Minute(
                                42,
                            ),
                            second: Second(
                                0,
                            ),
                        },
                        form: Utc,
                    },
                },
            ),
            dtstart: Some(
                DtStart {
                    value: DateTime(
                        DateTime {
                            date: Date {
                                year: Year(
                                    2025,
                                ),
                                month: Month(
                                    5,
                                ),
                                day: Day(
                                    29,
                                ),
                            },
                            time: Time {
                                hour: Hour(
                                    14,
                                ),
                                minute: Minute(
                                    30,
                                ),
                                second: Second(
                                    0,
                                ),
                            },
                            form: Utc,
                        },
                    ),
                },
            ),
            dtend: Some(
                DtEnd {
                    value: DateTime(
                        DateTime {
                            date: Date {
                                year: Year(
                                    2025,
                                ),
                                month: Month(
                                    5,
                                ),
                                day: Day(
                                    29,
                                ),
                            },
                            time: Time {
                                hour: Hour(
                                    15,
                                ),
                                minute: Minute(
                                    15,
                                ),
                                second: Second(
                                    0,
                                ),
                            },
                            form: Utc,
                        },
                    ),
                },
            ),
            created: None,
            class: Public,
            transp: Opaque,
            status: None,
            priority: None,
            summary: None,
            location: None,
            description: None,
            organizer: Some(
                Organizer {
                    address: Email(
                        EmailAddress {
                            value: Text(
                                "john@smith.com",
                            ),
                        },
                    ),
                    cn: Some(
                        Cn {
                            value: ParamValue {
                                value: "John Smith, MD",
                                quote: true,
                            },
                        },
                    ),
                    email: None,
                    sent_by: None,
                },
            ),
            attendees: [],
            rrule: None,
            exdate: None,
            duration: None,
            sequence: Some(
                Sequence {
                    value: 0,
                },
            ),
            recurrence_id: None,
            alarms: [],
        },
    ],
    timezones: [],
}
```

# messages

warn: quirky escape sequence
 --> at 8:24..25
  | when parsing `ParamValue` at 8:14
  | when parsing `Cn` at 8:14
  | when parsing `Organizer` at 8:10
  | when parsing `VEvent` at 5:1
  | when parsing `VCalendar` at 2:1

warn: quirky comma
 --> at 16:24
  | when parsing `ParamValue` at 16:14
  | when parsing `Cn` at 16:14
  | when parsing `Organizer` at 16:10
  | when parsing `VEvent` at 13:1
  | when parsing `VCalendar` at 2:1
