---
source: mail/mail-html-transformer/src/tests/remote_content.rs
expression: html.to_string()
snapshot_kind: text
---
<html><head></head><body><div class="box">
  <img src="https://mail.proton.me/api/core/v4/images?UID=MYTOKEN123&amp;Url=%2Fen-US%2Fdocs%2FWeb%2FHTML%2FElement%2Fimg%2Fclock-demo-200px.png" alt="Clock" srcset="https://mail.proton.me/api/core/v4/images?UID=MYTOKEN123&amp;Url=%2Fen-US%2Fdocs%2FWeb%2FHTML%2FElement%2Fimg%2Fclock-demo-400px.png 2x, https://mail.proton.me/api/core/v4/images?UID=MYTOKEN123&amp;Url=header640.png 640w, https://mail.proton.me/api/core/v4/images?UID=MYTOKEN123&amp;Url=header960.png 960w, https://mail.proton.me/api/core/v4/images?UID=MYTOKEN123&amp;Url=header1024.png 1024w">
  <img src="https://mail.proton.me/api/core/v4/images?UID=MYTOKEN123&amp;Url=%2Fen-US%2Fdocs%2FWeb%2FHTML%2FElement%2Fimg%2Fclock-demo-200px.png" alt="Clock" srcset="https://mail.proton.me/api/core/v4/images?UID=MYTOKEN123&amp;Url=%2Fen-US%2Fdocs%2FWeb%2FHTML%2FElement%2Fimg%2Fclock-demo-900px.png, https://mail.proton.me/api/core/v4/images?UID=MYTOKEN123&amp;Url=header640.png 640w">
  <img src="https://mail.proton.me/api/core/v4/images?UID=MYTOKEN123&amp;Url=%2Fen-US%2Fdocs%2FWeb%2FHTML%2FElement%2Fimg%2Fclock-demo-200px.png" alt="Clock" srcset="https://mail.proton.me/api/core/v4/images?UID=MYTOKEN123&amp;Url=headert40.png 640w">
</div>
    </body></html>
